Archive member included to satisfy reference by file (symbol)

C:/ST/STM32CubeCLT_1.16.0/GNU-tools-for-STM32/bin/../lib/gcc/arm-none-eabi/12.3.1/thumb/v7e-m/nofp\libgcc.a(_aeabi_uldivmod.o)
                              CMakeFiles/test_can2.elf.dir/Drivers/STM32F4xx_HAL_Driver/Src/stm32f4xx_hal_rcc.c.obj (__aeabi_uldivmod)
C:/ST/STM32CubeCLT_1.16.0/GNU-tools-for-STM32/bin/../lib/gcc/arm-none-eabi/12.3.1/thumb/v7e-m/nofp\libgcc.a(_udivmoddi4.o)
                              C:/ST/STM32CubeCLT_1.16.0/GNU-tools-for-STM32/bin/../lib/gcc/arm-none-eabi/12.3.1/thumb/v7e-m/nofp\libgcc.a(_aeabi_uldivmod.o) (__udivmoddi4)
C:/ST/STM32CubeCLT_1.16.0/GNU-tools-for-STM32/bin/../lib/gcc/arm-none-eabi/12.3.1/thumb/v7e-m/nofp\libgcc.a(_dvmd_tls.o)
                              C:/ST/STM32CubeCLT_1.16.0/GNU-tools-for-STM32/bin/../lib/gcc/arm-none-eabi/12.3.1/thumb/v7e-m/nofp\libgcc.a(_aeabi_uldivmod.o) (__aeabi_ldiv0)
C:/ST/STM32CubeCLT_1.16.0/GNU-tools-for-STM32/bin/../lib/gcc/arm-none-eabi/12.3.1/../../../../arm-none-eabi/lib/thumb/v7e-m/nofp\libg.a(libc_a-exit.o)
                              C:/ST/STM32CubeCLT_1.16.0/GNU-tools-for-STM32/bin/../lib/gcc/arm-none-eabi/12.3.1/../../../../arm-none-eabi/lib/thumb/v7e-m/nofp/crt0.o (exit)
C:/ST/STM32CubeCLT_1.16.0/GNU-tools-for-STM32/bin/../lib/gcc/arm-none-eabi/12.3.1/../../../../arm-none-eabi/lib/thumb/v7e-m/nofp\libg.a(libc_a-findfp.o)
                              C:/ST/STM32CubeCLT_1.16.0/GNU-tools-for-STM32/bin/../lib/gcc/arm-none-eabi/12.3.1/../../../../arm-none-eabi/lib/thumb/v7e-m/nofp\libg.a(libc_a-exit.o) (__stdio_exit_handler)
C:/ST/STM32CubeCLT_1.16.0/GNU-tools-for-STM32/bin/../lib/gcc/arm-none-eabi/12.3.1/../../../../arm-none-eabi/lib/thumb/v7e-m/nofp\libg.a(libc_a-fwalk.o)
                              C:/ST/STM32CubeCLT_1.16.0/GNU-tools-for-STM32/bin/../lib/gcc/arm-none-eabi/12.3.1/../../../../arm-none-eabi/lib/thumb/v7e-m/nofp\libg.a(libc_a-findfp.o) (_fwalk_sglue)
C:/ST/STM32CubeCLT_1.16.0/GNU-tools-for-STM32/bin/../lib/gcc/arm-none-eabi/12.3.1/../../../../arm-none-eabi/lib/thumb/v7e-m/nofp\libg.a(libc_a-stdio.o)
                              C:/ST/STM32CubeCLT_1.16.0/GNU-tools-for-STM32/bin/../lib/gcc/arm-none-eabi/12.3.1/../../../../arm-none-eabi/lib/thumb/v7e-m/nofp\libg.a(libc_a-findfp.o) (__sread)
C:/ST/STM32CubeCLT_1.16.0/GNU-tools-for-STM32/bin/../lib/gcc/arm-none-eabi/12.3.1/../../../../arm-none-eabi/lib/thumb/v7e-m/nofp\libg.a(libc_a-memset.o)
                              C:/ST/STM32CubeCLT_1.16.0/GNU-tools-for-STM32/bin/../lib/gcc/arm-none-eabi/12.3.1/../../../../arm-none-eabi/lib/thumb/v7e-m/nofp/crt0.o (memset)
C:/ST/STM32CubeCLT_1.16.0/GNU-tools-for-STM32/bin/../lib/gcc/arm-none-eabi/12.3.1/../../../../arm-none-eabi/lib/thumb/v7e-m/nofp\libg.a(libc_a-closer.o)
                              C:/ST/STM32CubeCLT_1.16.0/GNU-tools-for-STM32/bin/../lib/gcc/arm-none-eabi/12.3.1/../../../../arm-none-eabi/lib/thumb/v7e-m/nofp\libg.a(libc_a-stdio.o) (_close_r)
C:/ST/STM32CubeCLT_1.16.0/GNU-tools-for-STM32/bin/../lib/gcc/arm-none-eabi/12.3.1/../../../../arm-none-eabi/lib/thumb/v7e-m/nofp\libg.a(libc_a-reent.o)
                              C:/ST/STM32CubeCLT_1.16.0/GNU-tools-for-STM32/bin/../lib/gcc/arm-none-eabi/12.3.1/../../../../arm-none-eabi/lib/thumb/v7e-m/nofp\libg.a(libc_a-closer.o) (errno)
C:/ST/STM32CubeCLT_1.16.0/GNU-tools-for-STM32/bin/../lib/gcc/arm-none-eabi/12.3.1/../../../../arm-none-eabi/lib/thumb/v7e-m/nofp\libg.a(libc_a-impure.o)
                              C:/ST/STM32CubeCLT_1.16.0/GNU-tools-for-STM32/bin/../lib/gcc/arm-none-eabi/12.3.1/../../../../arm-none-eabi/lib/thumb/v7e-m/nofp\libg.a(libc_a-reent.o) (_impure_ptr)
C:/ST/STM32CubeCLT_1.16.0/GNU-tools-for-STM32/bin/../lib/gcc/arm-none-eabi/12.3.1/../../../../arm-none-eabi/lib/thumb/v7e-m/nofp\libg.a(libc_a-lseekr.o)
                              C:/ST/STM32CubeCLT_1.16.0/GNU-tools-for-STM32/bin/../lib/gcc/arm-none-eabi/12.3.1/../../../../arm-none-eabi/lib/thumb/v7e-m/nofp\libg.a(libc_a-stdio.o) (_lseek_r)
C:/ST/STM32CubeCLT_1.16.0/GNU-tools-for-STM32/bin/../lib/gcc/arm-none-eabi/12.3.1/../../../../arm-none-eabi/lib/thumb/v7e-m/nofp\libg.a(libc_a-readr.o)
                              C:/ST/STM32CubeCLT_1.16.0/GNU-tools-for-STM32/bin/../lib/gcc/arm-none-eabi/12.3.1/../../../../arm-none-eabi/lib/thumb/v7e-m/nofp\libg.a(libc_a-stdio.o) (_read_r)
C:/ST/STM32CubeCLT_1.16.0/GNU-tools-for-STM32/bin/../lib/gcc/arm-none-eabi/12.3.1/../../../../arm-none-eabi/lib/thumb/v7e-m/nofp\libg.a(libc_a-writer.o)
                              C:/ST/STM32CubeCLT_1.16.0/GNU-tools-for-STM32/bin/../lib/gcc/arm-none-eabi/12.3.1/../../../../arm-none-eabi/lib/thumb/v7e-m/nofp\libg.a(libc_a-stdio.o) (_write_r)
C:/ST/STM32CubeCLT_1.16.0/GNU-tools-for-STM32/bin/../lib/gcc/arm-none-eabi/12.3.1/../../../../arm-none-eabi/lib/thumb/v7e-m/nofp\libg.a(libc_a-errno.o)
                              CMakeFiles/test_can2.elf.dir/Core/Src/syscalls.c.obj (__errno)
[...]
Memory Configuration

Name             Origin             Length             Attributes
CCMRAM           0x10000000         0x00010000         xrw
RAM              0x20000000         0x00030000         xrw
FLASH            0x08000000         0x00200000         xr
*default*        0x00000000         0xffffffff

Linker script and memory map

LOAD C:/ST/STM32CubeCLT_1.16.0/GNU-tools-for-STM32/bin/../lib/gcc/arm-none-eabi/12.3.1/thumb/v7e-m/nofp/crti.o
LOAD C:/ST/STM32CubeCLT_1.16.0/GNU-tools-for-STM32/bin/../lib/gcc/arm-none-eabi/12.3.1/thumb/v7e-m/nofp/crtbegin.o
LOAD C:/ST/STM32CubeCLT_1.16.0/GNU-tools-for-STM32/bin/../lib/gcc/arm-none-eabi/12.3.1/../../../../arm-none-eabi/lib/thumb/v7e-m/nofp/crt0.o
LOAD CMakeFiles/test_can2.elf.dir/Core/Src/can.c.obj
LOAD CMakeFiles/test_can2.elf.dir/Core/Src/gpio.c.obj
LOAD CMakeFiles/test_can2.elf.dir/Core/Src/main.c.obj
LOAD CMakeFiles/test_can2.elf.dir/Core/Src/stm32f4xx_hal_msp.c.obj
LOAD CMakeFiles/test_can2.elf.dir/Core/Src/stm32f4xx_it.c.obj
LOAD CMakeFiles/test_can2.elf.dir/Core/Src/syscalls.c.obj
LOAD CMakeFiles/test_can2.elf.dir/Core/Src/sysmem.c.obj
LOAD CMakeFiles/test_can2.elf.dir/Core/Src/system_stm32f4xx.c.obj
LOAD CMakeFiles/test_can2.elf.dir/Core/Startup/startup_stm32f427iihx.s.obj
LOAD CMakeFiles/test_can2.elf.dir/Drivers/STM32F4xx_HAL_Driver/Src/stm32f4xx_hal.c.obj
LOAD CMakeFiles/test_can2.elf.dir/Drivers/STM32F4xx_HAL_Driver/Src/stm32f4xx_hal_can.c.obj
LOAD CMakeFiles/test_can2.elf.dir/Drivers/STM32F4xx_HAL_Driver/Src/stm32f4xx_hal_cortex.c.obj
LOAD CMakeFiles/test_can2.elf.dir/Drivers/STM32F4xx_HAL_Driver/Src/stm32f4xx_hal_dma.c.obj
LOAD CMakeFiles/test_can2.elf.dir/Drivers/STM32F4xx_HAL_Driver/Src/stm32f4xx_hal_dma_ex.c.obj
LOAD CMakeFiles/test_can2.elf.dir/Drivers/STM32F4xx_HAL_Driver/Src/stm32f4xx_hal_exti.c.obj
LOAD CMakeFiles/test_can2.elf.dir/Drivers/STM32F4xx_HAL_Driver/Src/stm32f4xx_hal_flash.c.obj
LOAD CMakeFiles/test_can2.elf.dir/Drivers/STM32F4xx_HAL_Driver/Src/stm32f4xx_hal_flash_ex.c.obj
LOAD CMakeFiles/test_can2.elf.dir/Drivers/STM32F4xx_HAL_Driver/Src/stm32f4xx_hal_flash_ramfunc.c.obj
LOAD CMakeFiles/test_can2.elf.dir/Drivers/STM32F4xx_HAL_Driver/Src/stm32f4xx_hal_gpio.c.obj
LOAD CMakeFiles/test_can2.elf.dir/Drivers/STM32F4xx_HAL_Driver/Src/stm32f4xx_hal_pwr.c.obj
LOAD CMakeFiles/test_can2.elf.dir/Drivers/STM32F4xx_HAL_Driver/Src/stm32f4xx_hal_pwr_ex.c.obj
LOAD CMakeFiles/test_can2.elf.dir/Drivers/STM32F4xx_HAL_Driver/Src/stm32f4xx_hal_rcc.c.obj
LOAD CMakeFiles/test_can2.elf.dir/Drivers/STM32F4xx_HAL_Driver/Src/stm32f4xx_hal_rcc_ex.c.obj
LOAD CMakeFiles/test_can2.elf.dir/Drivers/STM32F4xx_HAL_Driver/Src/stm32f4xx_hal_tim.c.obj
LOAD CMakeFiles/test_can2.elf.dir/Drivers/STM32F4xx_HAL_Driver/Src/stm32f4xx_hal_tim_ex.c.obj
START GROUP
LOAD C:/ST/STM32CubeCLT_1.16.0/GNU-tools-for-STM32/bin/../lib/gcc/arm-none-eabi/12.3.1/thumb/v7e-m/nofp\libgcc.a
LOAD C:/ST/STM32CubeCLT_1.16.0/GNU-tools-for-STM32/bin/../lib/gcc/arm-none-eabi/12.3.1/../../../../arm-none-eabi/lib/thumb/v7e-m/nofp\libg.a
LOAD C:/ST/STM32CubeCLT_1.16.0/GNU-tools-for-STM32/bin/../lib/gcc/arm-none-eabi/12.3.1/../../../../arm-none-eabi/lib/thumb/v7e-m/nofp\libc.a
END GROUP
LOAD C:/ST/STM32CubeCLT_1.16.0/GNU-tools-for-STM32/bin/../lib/gcc/arm-none-eabi/12.3.1/thumb/v7e-m/nofp/crtend.o
LOAD C:/ST/STM32CubeCLT_1.16.0/GNU-tools-for-STM32/bin/../lib/gcc/arm-none-eabi/12.3.1/thumb/v7e-m/nofp/crtn.o
                0x20030000                        _estack = (ORIGIN (RAM) + LENGTH (RAM))
                0x00000200                        _Min_Heap_Size = 0x200
                0x00000400                        _Min_Stack_Size = 0x400

.isr_vector     0x08000000      0x1ac
                0x08000000                        . = ALIGN (0x4)
 *(.isr_vector)
 .isr_vector    0x08000000      0x1ac CMakeFiles/test_can2.elf.dir/Core/Startup/startup_stm32f427iihx.s.obj
                0x08000000                g_pfnVectors
                0x080001ac                        . = ALIGN (0x4)

.text           0x080001ac     0x16e0
                0x080001ac                        . = ALIGN (0x4)
 *(.text)
 .text          0x080001ac       0x40 C:/ST/STM32CubeCLT_1.16.0/GNU-tools-for-STM32/bin/../lib/gcc/arm-none-eabi/12.3.1/thumb/v7e-m/nofp/crtbegin.o
 .text          0x080001ec       0x30 C:/ST/STM32CubeCLT_1.16.0/GNU-tools-for-STM32/bin/../lib/gcc/arm-none-eabi/12.3.1/thumb/v7e-m/nofp\libgcc.a(_aeabi_uldivmod.o)
                0x080001ec                __aeabi_uldivmod
 .text          0x0800021c      0x2bc C:/ST/STM32CubeCLT_1.16.0/GNU-tools-for-STM32/bin/../lib/gcc/arm-none-eabi/12.3.1/thumb/v7e-m/nofp\libgcc.a(_udivmoddi4.o)
                0x0800021c                __udivmoddi4
 .text          0x080004d8        0x4 C:/ST/STM32CubeCLT_1.16.0/GNU-tools-for-STM32/bin/../lib/gcc/arm-none-eabi/12.3.1/thumb/v7e-m/nofp\libgcc.a(_dvmd_tls.o)
                0x080004d8                __aeabi_idiv0
                0x080004d8                __aeabi_ldiv0
 *(.text*)
 .text.MX_CAN1_Init
                0x080004dc       0x44 CMakeFiles/test_can2.elf.dir/Core/Src/can.c.obj
                0x080004dc                MX_CAN1_Init
 .text.HAL_CAN_MspInit
                0x08000520       0xac CMakeFiles/test_can2.elf.dir/Core/Src/can.c.obj
                0x08000520                HAL_CAN_MspInit
 .text.MX_GPIO_Init
                0x080005cc       0x4c CMakeFiles/test_can2.elf.dir/Core/Src/gpio.c.obj
                0x080005cc                MX_GPIO_Init
 .text.HAL_CAN_RxFifo0MsgPendingCallback
                0x08000618       0x18 CMakeFiles/test_can2.elf.dir/Core/Src/main.c.obj
                0x08000618                HAL_CAN_RxFifo0MsgPendingCallback
 .text.Error_Handler
                0x08000630        0x4 CMakeFiles/test_can2.elf.dir/Core/Src/main.c.obj
                0x08000630                Error_Handler
 .text.SystemClock_Config
                0x08000634       0xb4 CMakeFiles/test_can2.elf.dir/Core/Src/main.c.obj
                0x08000634                SystemClock_Config
 .text.main     0x080006e8       0x20 CMakeFiles/test_can2.elf.dir/Core/Src/main.c.obj
                0x080006e8                main
 .text.HAL_MspInit
                0x08000708       0x38 CMakeFiles/test_can2.elf.dir/Core/Src/stm32f4xx_hal_msp.c.obj
                0x08000708                HAL_MspInit
 .text.NMI_Handler
                0x08000740        0x2 CMakeFiles/test_can2.elf.dir/Core/Src/stm32f4xx_it.c.obj
                0x08000740                NMI_Handler
 .text.HardFault_Handler
                0x08000742        0x2 CMakeFiles/test_can2.elf.dir/Core/Src/stm32f4xx_it.c.obj
                0x08000742                HardFault_Handler
 .text.MemManage_Handler
                0x08000744        0x2 CMakeFiles/test_can2.elf.dir/Core/Src/stm32f4xx_it.c.obj
                0x08000744                MemManage_Handler
 .text.BusFault_Handler
                0x08000746        0x2 CMakeFiles/test_can2.elf.dir/Core/Src/stm32f4xx_it.c.obj
                0x08000746                BusFault_Handler
 .text.UsageFault_Handler
                0x08000748        0x2 CMakeFiles/test_can2.elf.dir/Core/Src/stm32f4xx_it.c.obj
                0x08000748                UsageFault_Handler
 .text.SVC_Handler
                0x0800074a        0x2 CMakeFiles/test_can2.elf.dir/Core/Src/stm32f4xx_it.c.obj
                0x0800074a                SVC_Handler
 .text.DebugMon_Handler
                0x0800074c        0x2 CMakeFiles/test_can2.elf.dir/Core/Src/stm32f4xx_it.c.obj
                0x0800074c                DebugMon_Handler
 .text.PendSV_Handler
                0x0800074e        0x2 CMakeFiles/test_can2.elf.dir/Core/Src/stm32f4xx_it.c.obj
                0x0800074e                PendSV_Handler
 .text.SysTick_Handler
                0x08000750        0x8 CMakeFiles/test_can2.elf.dir/Core/Src/stm32f4xx_it.c.obj
                0x08000750                SysTick_Handler
 .text.CAN1_TX_IRQHandler
                0x08000758       0x10 CMakeFiles/test_can2.elf.dir/Core/Src/stm32f4xx_it.c.obj
                0x08000758                CAN1_TX_IRQHandler
 .text.CAN1_RX0_IRQHandler
                0x08000768       0x10 CMakeFiles/test_can2.elf.dir/Core/Src/stm32f4xx_it.c.obj
                0x08000768                CAN1_RX0_IRQHandler
 .text.CAN1_RX1_IRQHandler
                0x08000778       0x10 CMakeFiles/test_can2.elf.dir/Core/Src/stm32f4xx_it.c.obj
                0x08000778                CAN1_RX1_IRQHandler
 .text.CAN1_SCE_IRQHandler
                0x08000788       0x10 CMakeFiles/test_can2.elf.dir/Core/Src/stm32f4xx_it.c.obj
                0x08000788                CAN1_SCE_IRQHandler
 .text.SystemInit
                0x08000798        0x2 CMakeFiles/test_can2.elf.dir/Core/Src/system_stm32f4xx.c.obj
                0x08000798                SystemInit
 *fill*         0x0800079a        0x2 
 .text.Reset_Handler
                0x0800079c       0x50 CMakeFiles/test_can2.elf.dir/Core/Startup/startup_stm32f427iihx.s.obj
                0x0800079c                Reset_Handler
 .text.Default_Handler
                0x080007ec        0x2 CMakeFiles/test_can2.elf.dir/Core/Startup/startup_stm32f427iihx.s.obj
                0x080007ec                RTC_Alarm_IRQHandler
                0x080007ec                HASH_RNG_IRQHandler
                0x080007ec                EXTI2_IRQHandler
                0x080007ec                TIM8_CC_IRQHandler
                0x080007ec                UART8_IRQHandler
                0x080007ec                SPI4_IRQHandler
                0x080007ec                TIM1_CC_IRQHandler
                0x080007ec                DMA2_Stream5_IRQHandler
                0x080007ec                DMA1_Stream5_IRQHandler
                0x080007ec                PVD_IRQHandler
                0x080007ec                SDIO_IRQHandler
                0x080007ec                TAMP_STAMP_IRQHandler
                0x080007ec                CAN2_RX1_IRQHandler
                0x080007ec                EXTI3_IRQHandler
                0x080007ec                TIM8_TRG_COM_TIM14_IRQHandler
                0x080007ec                TIM1_UP_TIM10_IRQHandler
                0x080007ec                TIM8_UP_TIM13_IRQHandler
                0x080007ec                I2C3_ER_IRQHandler
                0x080007ec                EXTI0_IRQHandler
                0x080007ec                I2C2_EV_IRQHandler
                0x080007ec                DMA1_Stream2_IRQHandler
                0x080007ec                FPU_IRQHandler
                0x080007ec                OTG_HS_WKUP_IRQHandler
                0x080007ec                CAN2_SCE_IRQHandler
                0x080007ec                DMA2_Stream2_IRQHandler
                0x080007ec                SPI1_IRQHandler
                0x080007ec                TIM6_DAC_IRQHandler
                0x080007ec                TIM1_BRK_TIM9_IRQHandler
                0x080007ec                DCMI_IRQHandler
                0x080007ec                CAN2_RX0_IRQHandler
                0x080007ec                DMA2_Stream3_IRQHandler
                0x080007ec                USART6_IRQHandler
                0x080007ec                USART3_IRQHandler
                0x080007ec                UART5_IRQHandler
                0x080007ec                DMA2_Stream0_IRQHandler
                0x080007ec                TIM4_IRQHandler
                0x080007ec                I2C1_EV_IRQHandler
                0x080007ec                DMA1_Stream6_IRQHandler
                0x080007ec                DMA1_Stream1_IRQHandler
                0x080007ec                UART4_IRQHandler
                0x080007ec                TIM3_IRQHandler
                0x080007ec                RCC_IRQHandler
                0x080007ec                TIM8_BRK_TIM12_IRQHandler
                0x080007ec                Default_Handler
                0x080007ec                EXTI15_10_IRQHandler
                0x080007ec                ADC_IRQHandler
                0x080007ec                DMA1_Stream7_IRQHandler
                0x080007ec                SPI5_IRQHandler
                0x080007ec                TIM7_IRQHandler
                0x080007ec                CAN2_TX_IRQHandler
                0x080007ec                TIM5_IRQHandler
                0x080007ec                DMA2_Stream7_IRQHandler
                0x080007ec                I2C3_EV_IRQHandler
                0x080007ec                EXTI9_5_IRQHandler
                0x080007ec                RTC_WKUP_IRQHandler
                0x080007ec                ETH_WKUP_IRQHandler
                0x080007ec                SPI2_IRQHandler
                0x080007ec                OTG_HS_EP1_IN_IRQHandler
                0x080007ec                DMA1_Stream0_IRQHandler
                0x080007ec                EXTI4_IRQHandler
                0x080007ec                ETH_IRQHandler
                0x080007ec                OTG_HS_EP1_OUT_IRQHandler
                0x080007ec                WWDG_IRQHandler
                0x080007ec                SPI6_IRQHandler
                0x080007ec                TIM2_IRQHandler
                0x080007ec                OTG_FS_WKUP_IRQHandler
                0x080007ec                TIM1_TRG_COM_TIM11_IRQHandler
                0x080007ec                OTG_HS_IRQHandler
                0x080007ec                DMA2D_IRQHandler
                0x080007ec                EXTI1_IRQHandler
                0x080007ec                UART7_IRQHandler
                0x080007ec                USART2_IRQHandler
                0x080007ec                I2C2_ER_IRQHandler
                0x080007ec                DMA2_Stream1_IRQHandler
                0x080007ec                FLASH_IRQHandler
                0x080007ec                DMA2_Stream4_IRQHandler
                0x080007ec                USART1_IRQHandler
                0x080007ec                OTG_FS_IRQHandler
                0x080007ec                SPI3_IRQHandler
                0x080007ec                DMA1_Stream4_IRQHandler
                0x080007ec                I2C1_ER_IRQHandler
                0x080007ec                FMC_IRQHandler
                0x080007ec                DMA2_Stream6_IRQHandler
                0x080007ec                SAI1_IRQHandler
                0x080007ec                DMA1_Stream3_IRQHandler
 *fill*         0x080007ee        0x2 
 .text.HAL_InitTick
                0x080007f0       0x4c CMakeFiles/test_can2.elf.dir/Drivers/STM32F4xx_HAL_Driver/Src/stm32f4xx_hal.c.obj
                0x080007f0                HAL_InitTick
 .text.HAL_Init
                0x0800083c       0x34 CMakeFiles/test_can2.elf.dir/Drivers/STM32F4xx_HAL_Driver/Src/stm32f4xx_hal.c.obj
                0x0800083c                HAL_Init
 .text.HAL_IncTick
                0x08000870       0x18 CMakeFiles/test_can2.elf.dir/Drivers/STM32F4xx_HAL_Driver/Src/stm32f4xx_hal.c.obj
                0x08000870                HAL_IncTick
 .text.HAL_GetTick
                0x08000888        0xc CMakeFiles/test_can2.elf.dir/Drivers/STM32F4xx_HAL_Driver/Src/stm32f4xx_hal.c.obj
                0x08000888                HAL_GetTick
 .text.HAL_CAN_Init
                0x08000894      0x14c CMakeFiles/test_can2.elf.dir/Drivers/STM32F4xx_HAL_Driver/Src/stm32f4xx_hal_can.c.obj
                0x08000894                HAL_CAN_Init
 .text.HAL_CAN_GetRxMessage
                0x080009e0      0x16a CMakeFiles/test_can2.elf.dir/Drivers/STM32F4xx_HAL_Driver/Src/stm32f4xx_hal_can.c.obj
                0x080009e0                HAL_CAN_GetRxMessage
 .text.HAL_CAN_ActivateNotification
                0x08000b4a       0x24 CMakeFiles/test_can2.elf.dir/Drivers/STM32F4xx_HAL_Driver/Src/stm32f4xx_hal_can.c.obj
                0x08000b4a                HAL_CAN_ActivateNotification
 .text.HAL_CAN_TxMailbox0CompleteCallback
                0x08000b6e        0x2 CMakeFiles/test_can2.elf.dir/Drivers/STM32F4xx_HAL_Driver/Src/stm32f4xx_hal_can.c.obj
                0x08000b6e                HAL_CAN_TxMailbox0CompleteCallback
 .text.HAL_CAN_TxMailbox1CompleteCallback
                0x08000b70        0x2 CMakeFiles/test_can2.elf.dir/Drivers/STM32F4xx_HAL_Driver/Src/stm32f4xx_hal_can.c.obj
                0x08000b70                HAL_CAN_TxMailbox1CompleteCallback
 .text.HAL_CAN_TxMailbox2CompleteCallback
                0x08000b72        0x2 CMakeFiles/test_can2.elf.dir/Drivers/STM32F4xx_HAL_Driver/Src/stm32f4xx_hal_can.c.obj
                0x08000b72                HAL_CAN_TxMailbox2CompleteCallback
 .text.HAL_CAN_TxMailbox0AbortCallback
                0x08000b74        0x2 CMakeFiles/test_can2.elf.dir/Drivers/STM32F4xx_HAL_Driver/Src/stm32f4xx_hal_can.c.obj
                0x08000b74                HAL_CAN_TxMailbox0AbortCallback
 .text.HAL_CAN_TxMailbox1AbortCallback
                0x08000b76        0x2 CMakeFiles/test_can2.elf.dir/Drivers/STM32F4xx_HAL_Driver/Src/stm32f4xx_hal_can.c.obj
                0x08000b76                HAL_CAN_TxMailbox1AbortCallback
 .text.HAL_CAN_TxMailbox2AbortCallback
                0x08000b78        0x2 CMakeFiles/test_can2.elf.dir/Drivers/STM32F4xx_HAL_Driver/Src/stm32f4xx_hal_can.c.obj
                0x08000b78                HAL_CAN_TxMailbox2AbortCallback
 .text.HAL_CAN_RxFifo0FullCallback
                0x08000b7a        0x2 CMakeFiles/test_can2.elf.dir/Drivers/STM32F4xx_HAL_Driver/Src/stm32f4xx_hal_can.c.obj
                0x08000b7a                HAL_CAN_RxFifo0FullCallback
 .text.HAL_CAN_RxFifo1MsgPendingCallback
                0x08000b7c        0x2 CMakeFiles/test_can2.elf.dir/Drivers/STM32F4xx_HAL_Driver/Src/stm32f4xx_hal_can.c.obj
                0x08000b7c                HAL_CAN_RxFifo1MsgPendingCallback
 .text.HAL_CAN_RxFifo1FullCallback
                0x08000b7e        0x2 CMakeFiles/test_can2.elf.dir/Drivers/STM32F4xx_HAL_Driver/Src/stm32f4xx_hal_can.c.obj
                0x08000b7e                HAL_CAN_RxFifo1FullCallback
 .text.HAL_CAN_SleepCallback
                0x08000b80        0x2 CMakeFiles/test_can2.elf.dir/Drivers/STM32F4xx_HAL_Driver/Src/stm32f4xx_hal_can.c.obj
                0x08000b80                HAL_CAN_SleepCallback
 .text.HAL_CAN_WakeUpFromRxMsgCallback
                0x08000b82        0x2 CMakeFiles/test_can2.elf.dir/Drivers/STM32F4xx_HAL_Driver/Src/stm32f4xx_hal_can.c.obj
                0x08000b82                HAL_CAN_WakeUpFromRxMsgCallback
 .text.HAL_CAN_ErrorCallback
                0x08000b84        0x2 CMakeFiles/test_can2.elf.dir/Drivers/STM32F4xx_HAL_Driver/Src/stm32f4xx_hal_can.c.obj
                0x08000b84                HAL_CAN_ErrorCallback
 .text.HAL_CAN_IRQHandler
                0x08000b86      0x24a CMakeFiles/test_can2.elf.dir/Drivers/STM32F4xx_HAL_Driver/Src/stm32f4xx_hal_can.c.obj
                0x08000b86                HAL_CAN_IRQHandler
 .text.__NVIC_EnableIRQ
                0x08000dd0       0x1c CMakeFiles/test_can2.elf.dir/Drivers/STM32F4xx_HAL_Driver/Src/stm32f4xx_hal_cortex.c.obj
 .text.__NVIC_SetPriority
                0x08000dec       0x28 CMakeFiles/test_can2.elf.dir/Drivers/STM32F4xx_HAL_Driver/Src/stm32f4xx_hal_cortex.c.obj
 .text.NVIC_EncodePriority
                0x08000e14       0x3e CMakeFiles/test_can2.elf.dir/Drivers/STM32F4xx_HAL_Driver/Src/stm32f4xx_hal_cortex.c.obj
 *fill*         0x08000e52        0x2 
 .text.HAL_NVIC_SetPriorityGrouping
                0x08000e54       0x24 CMakeFiles/test_can2.elf.dir/Drivers/STM32F4xx_HAL_Driver/Src/stm32f4xx_hal_cortex.c.obj
                0x08000e54                HAL_NVIC_SetPriorityGrouping
 .text.HAL_NVIC_SetPriority
                0x08000e78       0x20 CMakeFiles/test_can2.elf.dir/Drivers/STM32F4xx_HAL_Driver/Src/stm32f4xx_hal_cortex.c.obj
                0x08000e78                HAL_NVIC_SetPriority
 .text.HAL_NVIC_EnableIRQ
                0x08000e98        0x8 CMakeFiles/test_can2.elf.dir/Drivers/STM32F4xx_HAL_Driver/Src/stm32f4xx_hal_cortex.c.obj
                0x08000e98                HAL_NVIC_EnableIRQ
 .text.HAL_SYSTICK_Config
                0x08000ea0       0x28 CMakeFiles/test_can2.elf.dir/Drivers/STM32F4xx_HAL_Driver/Src/stm32f4xx_hal_cortex.c.obj
                0x08000ea0                HAL_SYSTICK_Config
 .text.HAL_GPIO_Init
                0x08000ec8      0x20c CMakeFiles/test_can2.elf.dir/Drivers/STM32F4xx_HAL_Driver/Src/stm32f4xx_hal_gpio.c.obj
                0x08000ec8                HAL_GPIO_Init
 .text.HAL_PWREx_EnableOverDrive
                0x080010d4       0x7c CMakeFiles/test_can2.elf.dir/Drivers/STM32F4xx_HAL_Driver/Src/stm32f4xx_hal_pwr_ex.c.obj
                0x080010d4                HAL_PWREx_EnableOverDrive
 .text.HAL_RCC_OscConfig
                0x08001150      0x3f8 CMakeFiles/test_can2.elf.dir/Drivers/STM32F4xx_HAL_Driver/Src/stm32f4xx_hal_rcc.c.obj
                0x08001150                HAL_RCC_OscConfig
 .text.HAL_RCC_GetSysClockFreq
                0x08001548       0xa8 CMakeFiles/test_can2.elf.dir/Drivers/STM32F4xx_HAL_Driver/Src/stm32f4xx_hal_rcc.c.obj
                0x08001548                HAL_RCC_GetSysClockFreq
 .text.HAL_RCC_ClockConfig
                0x080015f0      0x160 CMakeFiles/test_can2.elf.dir/Drivers/STM32F4xx_HAL_Driver/Src/stm32f4xx_hal_rcc.c.obj
                0x080015f0                HAL_RCC_ClockConfig
 .text.memset   0x08001750       0x10 C:/ST/STM32CubeCLT_1.16.0/GNU-tools-for-STM32/bin/../lib/gcc/arm-none-eabi/12.3.1/../../../../arm-none-eabi/lib/thumb/v7e-m/nofp\libg.a(libc_a-memset.o)
                0x08001750                memset
 .text.__libc_init_array
                0x08001760       0x48 C:/ST/STM32CubeCLT_1.16.0/GNU-tools-for-STM32/bin/../lib/gcc/arm-none-eabi/12.3.1/../../../../arm-none-eabi/lib/thumb/v7e-m/nofp\libg.a(libc_a-init.o)
                0x08001760                __libc_init_array
 .text.__retarget_lock_acquire_recursive
                0x080017a8        0x2 C:/ST/STM32CubeCLT_1.16.0/GNU-tools-for-STM32/bin/../lib/gcc/arm-none-eabi/12.3.1/../../../../arm-none-eabi/lib/thumb/v7e-m/nofp\libg.a(libc_a-lock.o)
                0x080017a8                __retarget_lock_acquire_recursive
 .text.__retarget_lock_release_recursive
                0x080017aa        0x2 C:/ST/STM32CubeCLT_1.16.0/GNU-tools-for-STM32/bin/../lib/gcc/arm-none-eabi/12.3.1/../../../../arm-none-eabi/lib/thumb/v7e-m/nofp\libg.a(libc_a-lock.o)
                0x080017aa                __retarget_lock_release_recursive
 .text.startup.register_fini
                0x080017ac       0x14 C:/ST/STM32CubeCLT_1.16.0/GNU-tools-for-STM32/bin/../lib/gcc/arm-none-eabi/12.3.1/../../../../arm-none-eabi/lib/thumb/v7e-m/nofp\libg.a(libc_a-__call_atexit.o)
 .text.atexit   0x080017c0        0xc C:/ST/STM32CubeCLT_1.16.0/GNU-tools-for-STM32/bin/../lib/gcc/arm-none-eabi/12.3.1/../../../../arm-none-eabi/lib/thumb/v7e-m/nofp\libg.a(libc_a-atexit.o)
                0x080017c0                atexit
 .text.__libc_fini_array
                0x080017cc       0x28 C:/ST/STM32CubeCLT_1.16.0/GNU-tools-for-STM32/bin/../lib/gcc/arm-none-eabi/12.3.1/../../../../arm-none-eabi/lib/thumb/v7e-m/nofp\libg.a(libc_a-fini.o)
                0x080017cc                __libc_fini_array
 .text.__register_exitproc
                0x080017f4       0x80 C:/ST/STM32CubeCLT_1.16.0/GNU-tools-for-STM32/bin/../lib/gcc/arm-none-eabi/12.3.1/../../../../arm-none-eabi/lib/thumb/v7e-m/nofp\libg.a(libc_a-__atexit.o)
                0x080017f4                __register_exitproc
 *(.glue_7)
 .glue_7        0x08001874        0x0 linker stubs
 *(.glue_7t)
 .glue_7t       0x08001874        0x0 linker stubs
 *(.eh_frame)
 .eh_frame      0x08001874        0x0 C:/ST/STM32CubeCLT_1.16.0/GNU-tools-for-STM32/bin/../lib/gcc/arm-none-eabi/12.3.1/thumb/v7e-m/nofp/crtbegin.o
 *(.init)
 .init          0x08001874        0x4 C:/ST/STM32CubeCLT_1.16.0/GNU-tools-for-STM32/bin/../lib/gcc/arm-none-eabi/12.3.1/thumb/v7e-m/nofp/crti.o
                0x08001874                _init
 .init          0x08001878        0x8 C:/ST/STM32CubeCLT_1.16.0/GNU-tools-for-STM32/bin/../lib/gcc/arm-none-eabi/12.3.1/thumb/v7e-m/nofp/crtn.o
 *(.fini)
 .fini          0x08001880        0x4 C:/ST/STM32CubeCLT_1.16.0/GNU-tools-for-STM32/bin/../lib/gcc/arm-none-eabi/12.3.1/thumb/v7e-m/nofp/crti.o
                0x08001880                _fini
 .fini          0x08001884        0x8 C:/ST/STM32CubeCLT_1.16.0/GNU-tools-for-STM32/bin/../lib/gcc/arm-none-eabi/12.3.1/thumb/v7e-m/nofp/crtn.o
                0x0800188c                        . = ALIGN (0x4)
                0x0800188c                        _etext = .

.vfp11_veneer   0x0800188c        0x0
 .vfp11_veneer  0x0800188c        0x0 linker stubs

.v4_bx          0x0800188c        0x0
 .v4_bx         0x0800188c        0x0 linker stubs

.iplt           0x0800188c        0x0
 .iplt          0x0800188c        0x0 C:/ST/STM32CubeCLT_1.16.0/GNU-tools-for-STM32/bin/../lib/gcc/arm-none-eabi/12.3.1/thumb/v7e-m/nofp/crtbegin.o

.rodata         0x0800188c       0x10
                0x0800188c                        . = ALIGN (0x4)
 *(.rodata)
 *(.rodata*)
 .rodata.AHBPrescTable
                0x0800188c       0x10 CMakeFiles/test_can2.elf.dir/Core/Src/system_stm32f4xx.c.obj
                0x0800188c                AHBPrescTable
                0x0800189c                        . = ALIGN (0x4)

.ARM.extab      0x0800189c        0x0
                0x0800189c                        . = ALIGN (0x4)
 *(.ARM.extab* .gnu.linkonce.armextab.*)
                0x0800189c                        . = ALIGN (0x4)

.ARM            0x0800189c        0x8
                0x0800189c                        . = ALIGN (0x4)
                0x0800189c                        __exidx_start = .
 *(.ARM.exidx*)
 .ARM.exidx     0x0800189c        0x8 C:/ST/STM32CubeCLT_1.16.0/GNU-tools-for-STM32/bin/../lib/gcc/arm-none-eabi/12.3.1/thumb/v7e-m/nofp\libgcc.a(_udivmoddi4.o)
                0x080018a4                        __exidx_end = .
                0x080018a4                        . = ALIGN (0x4)

.preinit_array  0x080018a4        0x0
                0x080018a4                        . = ALIGN (0x4)
                0x080018a4                        PROVIDE (__preinit_array_start = .)
 *(.preinit_array*)
                0x080018a4                        PROVIDE (__preinit_array_end = .)
                0x080018a4                        . = ALIGN (0x4)

.init_array     0x080018a4        0x8
                0x080018a4                        . = ALIGN (0x4)
                0x080018a4                        PROVIDE (__init_array_start = .)
 *(SORT_BY_NAME(.init_array.*))
 .init_array.00000
                0x080018a4        0x4 C:/ST/STM32CubeCLT_1.16.0/GNU-tools-for-STM32/bin/../lib/gcc/arm-none-eabi/12.3.1/../../../../arm-none-eabi/lib/thumb/v7e-m/nofp\libg.a(libc_a-__call_atexit.o)
 *(.init_array*)
 .init_array    0x080018a8        0x4 C:/ST/STM32CubeCLT_1.16.0/GNU-tools-for-STM32/bin/../lib/gcc/arm-none-eabi/12.3.1/thumb/v7e-m/nofp/crtbegin.o
                0x080018ac                        PROVIDE (__init_array_end = .)
                0x080018ac                        . = ALIGN (0x4)

.fini_array     0x080018ac        0x4
                0x080018ac                        . = ALIGN (0x4)
                0x080018ac                        PROVIDE (__fini_array_start = .)
 *(SORT_BY_NAME(.fini_array.*))
 *(.fini_array*)
 .fini_array    0x080018ac        0x4 C:/ST/STM32CubeCLT_1.16.0/GNU-tools-for-STM32/bin/../lib/gcc/arm-none-eabi/12.3.1/thumb/v7e-m/nofp/crtbegin.o
                0x080018b0                        PROVIDE (__fini_array_end = .)
                0x080018b0                        . = ALIGN (0x4)
                0x080018b0                        _sidata = LOADADDR (.data)

.rel.dyn        0x080018b0        0x0
 .rel.iplt      0x080018b0        0x0 C:/ST/STM32CubeCLT_1.16.0/GNU-tools-for-STM32/bin/../lib/gcc/arm-none-eabi/12.3.1/thumb/v7e-m/nofp/crtbegin.o

.data           0x20000000       0x10 load address 0x080018b0
                0x20000000                        . = ALIGN (0x4)
                0x20000000                        _sdata = .
 *(.data)
 *(.data*)
 .data.SystemCoreClock
                0x20000000        0x4 CMakeFiles/test_can2.elf.dir/Core/Src/system_stm32f4xx.c.obj
                0x20000000                SystemCoreClock
 .data.uwTickFreq
                0x20000004        0x1 CMakeFiles/test_can2.elf.dir/Drivers/STM32F4xx_HAL_Driver/Src/stm32f4xx_hal.c.obj
                0x20000004                uwTickFreq
 *fill*         0x20000005        0x3 
 .data.uwTickPrio
                0x20000008        0x4 CMakeFiles/test_can2.elf.dir/Drivers/STM32F4xx_HAL_Driver/Src/stm32f4xx_hal.c.obj
                0x20000008                uwTickPrio
 .data.__atexit_recursive_mutex
                0x2000000c        0x4 C:/ST/STM32CubeCLT_1.16.0/GNU-tools-for-STM32/bin/../lib/gcc/arm-none-eabi/12.3.1/../../../../arm-none-eabi/lib/thumb/v7e-m/nofp\libg.a(libc_a-__call_atexit.o)
                0x2000000c                __atexit_recursive_mutex
 *(.RamFunc)
 *(.RamFunc*)
                0x20000010                        . = ALIGN (0x4)
                0x20000010                        _edata = .
                0x080018c0                        _siccmram = LOADADDR (.ccmram)

.igot.plt       0x20000010        0x0 load address 0x080018c0
 .igot.plt      0x20000010        0x0 C:/ST/STM32CubeCLT_1.16.0/GNU-tools-for-STM32/bin/../lib/gcc/arm-none-eabi/12.3.1/thumb/v7e-m/nofp/crtbegin.o

.ccmram         0x10000000        0x0 load address 0x080018c0
                0x10000000                        . = ALIGN (0x4)
                0x10000000                        _sccmram = .
 *(.ccmram)
 *(.ccmram*)
                0x10000000                        . = ALIGN (0x4)
                0x10000000                        _eccmram = .
                0x10000000                        . = ALIGN (0x4)

.bss            0x20000010      0x204
                0x20000010                        _sbss = .
                0x20000010                        __bss_start__ = _sbss
 *(.bss)
 .bss           0x20000010       0x1c C:/ST/STM32CubeCLT_1.16.0/GNU-tools-for-STM32/bin/../lib/gcc/arm-none-eabi/12.3.1/thumb/v7e-m/nofp/crtbegin.o
 *(.bss*)
 .bss.hcan1     0x2000002c       0x28 CMakeFiles/test_can2.elf.dir/Core/Src/can.c.obj
                0x2000002c                hcan1
 .bss.RxData    0x20000054        0x8 CMakeFiles/test_can2.elf.dir/Core/Src/main.c.obj
                0x20000054                RxData
 .bss.RxHeader  0x2000005c       0x1c CMakeFiles/test_can2.elf.dir/Core/Src/main.c.obj
                0x2000005c                RxHeader
 .bss.uwTick    0x20000078        0x4 CMakeFiles/test_can2.elf.dir/Drivers/STM32F4xx_HAL_Driver/Src/stm32f4xx_hal.c.obj
                0x20000078                uwTick
 .bss.__lock___atexit_recursive_mutex
                0x2000007c        0x1 C:/ST/STM32CubeCLT_1.16.0/GNU-tools-for-STM32/bin/../lib/gcc/arm-none-eabi/12.3.1/../../../../arm-none-eabi/lib/thumb/v7e-m/nofp\libg.a(libc_a-lock.o)
                0x2000007c                __lock___atexit_recursive_mutex
 *fill*         0x2000007d        0x3 
 .bss.__atexit  0x20000080        0x4 C:/ST/STM32CubeCLT_1.16.0/GNU-tools-for-STM32/bin/../lib/gcc/arm-none-eabi/12.3.1/../../../../arm-none-eabi/lib/thumb/v7e-m/nofp\libg.a(libc_a-__call_atexit.o)
                0x20000080                __atexit
 .bss.__atexit0
                0x20000084      0x190 C:/ST/STM32CubeCLT_1.16.0/GNU-tools-for-STM32/bin/../lib/gcc/arm-none-eabi/12.3.1/../../../../arm-none-eabi/lib/thumb/v7e-m/nofp\libg.a(libc_a-__atexit.o)
                0x20000084                __atexit0
 *(COMMON)
                0x20000214                        . = ALIGN (0x4)
                0x20000214                        _ebss = .
                0x20000214                        __bss_end__ = _ebss

._user_heap_stack
                0x20000214      0x604
                0x20000218                        . = ALIGN (0x8)
 *fill*         0x20000214        0x4 
                [!provide]                        PROVIDE (end = .)
                0x20000218                        PROVIDE (_end = .)
                0x20000418                        . = (. + _Min_Heap_Size)
 *fill*         0x20000218      0x200 
                0x20000818                        . = (. + _Min_Stack_Size)
 *fill*         0x20000418      0x400 
                0x20000818                        . = ALIGN (0x8)

/DISCARD/
 libc.a(*)
 libm.a(*)
 libgcc.a(*)

.ARM.attributes
                0x00000000       0x2a
 *(.ARM.attributes)
 .ARM.attributes
                0x00000000       0x1e C:/ST/STM32CubeCLT_1.16.0/GNU-tools-for-STM32/bin/../lib/gcc/arm-none-eabi/12.3.1/thumb/v7e-m/nofp/crti.o
 .ARM.attributes
                0x0000001e       0x2e C:/ST/STM32CubeCLT_1.16.0/GNU-tools-for-STM32/bin/../lib/gcc/arm-none-eabi/12.3.1/thumb/v7e-m/nofp/crtbegin.o
 .ARM.attributes
                0x0000004c       0x2e CMakeFiles/test_can2.elf.dir/Core/Src/can.c.obj
 .ARM.attributes
                0x0000007a       0x2e CMakeFiles/test_can2.elf.dir/Core/Src/gpio.c.obj
 .ARM.attributes
                0x000000a8       0x2e CMakeFiles/test_can2.elf.dir/Core/Src/main.c.obj
 .ARM.attributes
                0x000000d6       0x2e CMakeFiles/test_can2.elf.dir/Core/Src/stm32f4xx_hal_msp.c.obj
 .ARM.attributes
                0x00000104       0x2e CMakeFiles/test_can2.elf.dir/Core/Src/stm32f4xx_it.c.obj
 .ARM.attributes
                0x00000132       0x2e CMakeFiles/test_can2.elf.dir/Core/Src/system_stm32f4xx.c.obj
 .ARM.attributes
                0x00000160       0x21 CMakeFiles/test_can2.elf.dir/Core/Startup/startup_stm32f427iihx.s.obj
 .ARM.attributes
                0x00000181       0x2e CMakeFiles/test_can2.elf.dir/Drivers/STM32F4xx_HAL_Driver/Src/stm32f4xx_hal.c.obj
 .ARM.attributes
                0x000001af       0x2e CMakeFiles/test_can2.elf.dir/Drivers/STM32F4xx_HAL_Driver/Src/stm32f4xx_hal_can.c.obj
 .ARM.attributes
                0x000001dd       0x2e CMakeFiles/test_can2.elf.dir/Drivers/STM32F4xx_HAL_Driver/Src/stm32f4xx_hal_cortex.c.obj
 .ARM.attributes
                0x0000020b       0x2e CMakeFiles/test_can2.elf.dir/Drivers/STM32F4xx_HAL_Driver/Src/stm32f4xx_hal_gpio.c.obj
 .ARM.attributes
                0x00000239       0x2e CMakeFiles/test_can2.elf.dir/Drivers/STM32F4xx_HAL_Driver/Src/stm32f4xx_hal_pwr_ex.c.obj
 .ARM.attributes
                0x00000267       0x2e CMakeFiles/test_can2.elf.dir/Drivers/STM32F4xx_HAL_Driver/Src/stm32f4xx_hal_rcc.c.obj
 .ARM.attributes
                0x00000295       0x1e C:/ST/STM32CubeCLT_1.16.0/GNU-tools-for-STM32/bin/../lib/gcc/arm-none-eabi/12.3.1/thumb/v7e-m/nofp\libgcc.a(_aeabi_uldivmod.o)
 .ARM.attributes
                0x000002b3       0x2e C:/ST/STM32CubeCLT_1.16.0/GNU-tools-for-STM32/bin/../lib/gcc/arm-none-eabi/12.3.1/thumb/v7e-m/nofp\libgcc.a(_udivmoddi4.o)
 .ARM.attributes
                0x000002e1       0x1e C:/ST/STM32CubeCLT_1.16.0/GNU-tools-for-STM32/bin/../lib/gcc/arm-none-eabi/12.3.1/thumb/v7e-m/nofp\libgcc.a(_dvmd_tls.o)
 .ARM.attributes
                0x000002ff       0x2e C:/ST/STM32CubeCLT_1.16.0/GNU-tools-for-STM32/bin/../lib/gcc/arm-none-eabi/12.3.1/../../../../arm-none-eabi/lib/thumb/v7e-m/nofp\libg.a(libc_a-memset.o)
 .ARM.attributes
                0x0000032d       0x2e C:/ST/STM32CubeCLT_1.16.0/GNU-tools-for-STM32/bin/../lib/gcc/arm-none-eabi/12.3.1/../../../../arm-none-eabi/lib/thumb/v7e-m/nofp\libg.a(libc_a-init.o)
 .ARM.attributes
                0x0000035b       0x2e C:/ST/STM32CubeCLT_1.16.0/GNU-tools-for-STM32/bin/../lib/gcc/arm-none-eabi/12.3.1/../../../../arm-none-eabi/lib/thumb/v7e-m/nofp\libg.a(libc_a-lock.o)
 .ARM.attributes
                0x00000389       0x2e C:/ST/STM32CubeCLT_1.16.0/GNU-tools-for-STM32/bin/../lib/gcc/arm-none-eabi/12.3.1/../../../../arm-none-eabi/lib/thumb/v7e-m/nofp\libg.a(libc_a-__call_atexit.o)
 .ARM.attributes
                0x000003b7       0x2e C:/ST/STM32CubeCLT_1.16.0/GNU-tools-for-STM32/bin/../lib/gcc/arm-none-eabi/12.3.1/../../../../arm-none-eabi/lib/thumb/v7e-m/nofp\libg.a(libc_a-atexit.o)
 .ARM.attributes
                0x000003e5       0x2e C:/ST/STM32CubeCLT_1.16.0/GNU-tools-for-STM32/bin/../lib/gcc/arm-none-eabi/12.3.1/../../../../arm-none-eabi/lib/thumb/v7e-m/nofp\libg.a(libc_a-fini.o)
 .ARM.attributes
                0x00000413       0x2e C:/ST/STM32CubeCLT_1.16.0/GNU-tools-for-STM32/bin/../lib/gcc/arm-none-eabi/12.3.1/../../../../arm-none-eabi/lib/thumb/v7e-m/nofp\libg.a(libc_a-__atexit.o)
 .ARM.attributes
                0x00000441       0x1e C:/ST/STM32CubeCLT_1.16.0/GNU-tools-for-STM32/bin/../lib/gcc/arm-none-eabi/12.3.1/thumb/v7e-m/nofp/crtn.o
OUTPUT(test_can2.elf elf32-littlearm)
LOAD linker stubs
LOAD C:/ST/STM32CubeCLT_1.16.0/GNU-tools-for-STM32/bin/../lib/gcc/arm-none-eabi/12.3.1/../../../../arm-none-eabi/lib/thumb/v7e-m/nofp\libc.a
LOAD C:/ST/STM32CubeCLT_1.16.0/GNU-tools-for-STM32/bin/../lib/gcc/arm-none-eabi/12.3.1/../../../../arm-none-eabi/lib/thumb/v7e-m/nofp\libm.a
LOAD C:/ST/STM32CubeCLT_1.16.0/GNU-tools-for-STM32/bin/../lib/gcc/arm-none-eabi/12.3.1/thumb/v7e-m/nofp\libgcc.a

.debug_info     0x00000000     0x75b5
 .debug_info    0x00000000      0xc6f CMakeFiles/test_can2.elf.dir/Core/Src/can.c.obj
 .debug_info    0x00000c6f      0x298 CMakeFiles/test_can2.elf.dir/Core/Src/gpio.c.obj
 .debug_info    0x00000f07      0xab7 CMakeFiles/test_can2.elf.dir/Core/Src/main.c.obj
 .debug_info    0x000019be      0x27d CMakeFiles/test_can2.elf.dir/Core/Src/stm32f4xx_hal_msp.c.obj
 .debug_info    0x00001c3b      0x572 CMakeFiles/test_can2.elf.dir/Core/Src/stm32f4xx_it.c.obj
 .debug_info    0x000021ad      0x34c CMakeFiles/test_can2.elf.dir/Core/Src/system_stm32f4xx.c.obj
 .debug_info    0x000024f9       0x30 CMakeFiles/test_can2.elf.dir/Core/Startup/startup_stm32f427iihx.s.obj
 .debug_info    0x00002529      0xa4c CMakeFiles/test_can2.elf.dir/Drivers/STM32F4xx_HAL_Driver/Src/stm32f4xx_hal.c.obj
 .debug_info    0x00002f75     0x11f0 CMakeFiles/test_can2.elf.dir/Drivers/STM32F4xx_HAL_Driver/Src/stm32f4xx_hal_can.c.obj
 .debug_info    0x00004165      0xfe5 CMakeFiles/test_can2.elf.dir/Drivers/STM32F4xx_HAL_Driver/Src/stm32f4xx_hal_cortex.c.obj
 .debug_info    0x0000514a      0x71c CMakeFiles/test_can2.elf.dir/Drivers/STM32F4xx_HAL_Driver/Src/stm32f4xx_hal_gpio.c.obj
 .debug_info    0x00005866      0x78a CMakeFiles/test_can2.elf.dir/Drivers/STM32F4xx_HAL_Driver/Src/stm32f4xx_hal_pwr_ex.c.obj
 .debug_info    0x00005ff0      0xa85 CMakeFiles/test_can2.elf.dir/Drivers/STM32F4xx_HAL_Driver/Src/stm32f4xx_hal_rcc.c.obj
 .debug_info    0x00006a75       0xe0 C:/ST/STM32CubeCLT_1.16.0/GNU-tools-for-STM32/bin/../lib/gcc/arm-none-eabi/12.3.1/../../../../arm-none-eabi/lib/thumb/v7e-m/nofp\libg.a(libc_a-memset.o)
 .debug_info    0x00006b55      0x10b C:/ST/STM32CubeCLT_1.16.0/GNU-tools-for-STM32/bin/../lib/gcc/arm-none-eabi/12.3.1/../../../../arm-none-eabi/lib/thumb/v7e-m/nofp\libg.a(libc_a-init.o)
 .debug_info    0x00006c60      0x20a C:/ST/STM32CubeCLT_1.16.0/GNU-tools-for-STM32/bin/../lib/gcc/arm-none-eabi/12.3.1/../../../../arm-none-eabi/lib/thumb/v7e-m/nofp\libg.a(libc_a-lock.o)
 .debug_info    0x00006e6a      0x2dd C:/ST/STM32CubeCLT_1.16.0/GNU-tools-for-STM32/bin/../lib/gcc/arm-none-eabi/12.3.1/../../../../arm-none-eabi/lib/thumb/v7e-m/nofp\libg.a(libc_a-__call_atexit.o)
 .debug_info    0x00007147      0x118 C:/ST/STM32CubeCLT_1.16.0/GNU-tools-for-STM32/bin/../lib/gcc/arm-none-eabi/12.3.1/../../../../arm-none-eabi/lib/thumb/v7e-m/nofp\libg.a(libc_a-atexit.o)
 .debug_info    0x0000725f       0xf7 C:/ST/STM32CubeCLT_1.16.0/GNU-tools-for-STM32/bin/../lib/gcc/arm-none-eabi/12.3.1/../../../../arm-none-eabi/lib/thumb/v7e-m/nofp\libg.a(libc_a-fini.o)
 .debug_info    0x00007356      0x25f C:/ST/STM32CubeCLT_1.16.0/GNU-tools-for-STM32/bin/../lib/gcc/arm-none-eabi/12.3.1/../../../../arm-none-eabi/lib/thumb/v7e-m/nofp\libg.a(libc_a-__atexit.o)

.debug_abbrev   0x00000000     0x1fc1
 .debug_abbrev  0x00000000      0x23d CMakeFiles/test_can2.elf.dir/Core/Src/can.c.obj
 .debug_abbrev  0x0000023d       0xd6 CMakeFiles/test_can2.elf.dir/Core/Src/gpio.c.obj
 .debug_abbrev  0x00000313      0x25f CMakeFiles/test_can2.elf.dir/Core/Src/main.c.obj
 .debug_abbrev  0x00000572       0xd6 CMakeFiles/test_can2.elf.dir/Core/Src/stm32f4xx_hal_msp.c.obj
 .debug_abbrev  0x00000648      0x19a CMakeFiles/test_can2.elf.dir/Core/Src/stm32f4xx_it.c.obj
 .debug_abbrev  0x000007e2      0x120 CMakeFiles/test_can2.elf.dir/Core/Src/system_stm32f4xx.c.obj
 .debug_abbrev  0x00000902       0x24 CMakeFiles/test_can2.elf.dir/Core/Startup/startup_stm32f427iihx.s.obj
 .debug_abbrev  0x00000926      0x240 CMakeFiles/test_can2.elf.dir/Drivers/STM32F4xx_HAL_Driver/Src/stm32f4xx_hal.c.obj
 .debug_abbrev  0x00000b66      0x27d CMakeFiles/test_can2.elf.dir/Drivers/STM32F4xx_HAL_Driver/Src/stm32f4xx_hal_can.c.obj
 .debug_abbrev  0x00000de3      0x391 CMakeFiles/test_can2.elf.dir/Drivers/STM32F4xx_HAL_Driver/Src/stm32f4xx_hal_cortex.c.obj
 .debug_abbrev  0x00001174      0x202 CMakeFiles/test_can2.elf.dir/Drivers/STM32F4xx_HAL_Driver/Src/stm32f4xx_hal_gpio.c.obj
 .debug_abbrev  0x00001376      0x1e6 CMakeFiles/test_can2.elf.dir/Drivers/STM32F4xx_HAL_Driver/Src/stm32f4xx_hal_pwr_ex.c.obj
 .debug_abbrev  0x0000155c      0x2c7 CMakeFiles/test_can2.elf.dir/Drivers/STM32F4xx_HAL_Driver/Src/stm32f4xx_hal_rcc.c.obj
 .debug_abbrev  0x00001823       0x9e C:/ST/STM32CubeCLT_1.16.0/GNU-tools-for-STM32/bin/../lib/gcc/arm-none-eabi/12.3.1/../../../../arm-none-eabi/lib/thumb/v7e-m/nofp\libg.a(libc_a-memset.o)
 .debug_abbrev  0x000018c1       0xc9 C:/ST/STM32CubeCLT_1.16.0/GNU-tools-for-STM32/bin/../lib/gcc/arm-none-eabi/12.3.1/../../../../arm-none-eabi/lib/thumb/v7e-m/nofp\libg.a(libc_a-init.o)
 .debug_abbrev  0x0000198a      0x115 C:/ST/STM32CubeCLT_1.16.0/GNU-tools-for-STM32/bin/../lib/gcc/arm-none-eabi/12.3.1/../../../../arm-none-eabi/lib/thumb/v7e-m/nofp\libg.a(libc_a-lock.o)
 .debug_abbrev  0x00001a9f      0x20c C:/ST/STM32CubeCLT_1.16.0/GNU-tools-for-STM32/bin/../lib/gcc/arm-none-eabi/12.3.1/../../../../arm-none-eabi/lib/thumb/v7e-m/nofp\libg.a(libc_a-__call_atexit.o)
 .debug_abbrev  0x00001cab       0xc1 C:/ST/STM32CubeCLT_1.16.0/GNU-tools-for-STM32/bin/../lib/gcc/arm-none-eabi/12.3.1/../../../../arm-none-eabi/lib/thumb/v7e-m/nofp\libg.a(libc_a-atexit.o)
 .debug_abbrev  0x00001d6c       0xcc C:/ST/STM32CubeCLT_1.16.0/GNU-tools-for-STM32/bin/../lib/gcc/arm-none-eabi/12.3.1/../../../../arm-none-eabi/lib/thumb/v7e-m/nofp\libg.a(libc_a-fini.o)
 .debug_abbrev  0x00001e38      0x189 C:/ST/STM32CubeCLT_1.16.0/GNU-tools-for-STM32/bin/../lib/gcc/arm-none-eabi/12.3.1/../../../../arm-none-eabi/lib/thumb/v7e-m/nofp\libg.a(libc_a-__atexit.o)

.debug_loclists
                0x00000000     0x197a
 .debug_loclists
                0x00000000       0x5d CMakeFiles/test_can2.elf.dir/Core/Src/can.c.obj
 .debug_loclists
                0x0000005d       0x23 CMakeFiles/test_can2.elf.dir/Core/Src/main.c.obj
 .debug_loclists
                0x00000080       0xdb CMakeFiles/test_can2.elf.dir/Core/Src/system_stm32f4xx.c.obj
 .debug_loclists
                0x0000015b       0xc9 CMakeFiles/test_can2.elf.dir/Drivers/STM32F4xx_HAL_Driver/Src/stm32f4xx_hal.c.obj
 .debug_loclists
                0x00000224      0x85b CMakeFiles/test_can2.elf.dir/Drivers/STM32F4xx_HAL_Driver/Src/stm32f4xx_hal_can.c.obj
 .debug_loclists
                0x00000a7f      0x439 CMakeFiles/test_can2.elf.dir/Drivers/STM32F4xx_HAL_Driver/Src/stm32f4xx_hal_cortex.c.obj
 .debug_loclists
                0x00000eb8      0x356 CMakeFiles/test_can2.elf.dir/Drivers/STM32F4xx_HAL_Driver/Src/stm32f4xx_hal_gpio.c.obj
 .debug_loclists
                0x0000120e      0x14e CMakeFiles/test_can2.elf.dir/Drivers/STM32F4xx_HAL_Driver/Src/stm32f4xx_hal_pwr_ex.c.obj
 .debug_loclists
                0x0000135c      0x3a9 CMakeFiles/test_can2.elf.dir/Drivers/STM32F4xx_HAL_Driver/Src/stm32f4xx_hal_rcc.c.obj
 .debug_loclists
                0x00001705       0x47 C:/ST/STM32CubeCLT_1.16.0/GNU-tools-for-STM32/bin/../lib/gcc/arm-none-eabi/12.3.1/../../../../arm-none-eabi/lib/thumb/v7e-m/nofp\libg.a(libc_a-memset.o)
 .debug_loclists
                0x0000174c       0x44 C:/ST/STM32CubeCLT_1.16.0/GNU-tools-for-STM32/bin/../lib/gcc/arm-none-eabi/12.3.1/../../../../arm-none-eabi/lib/thumb/v7e-m/nofp\libg.a(libc_a-init.o)
 .debug_loclists
                0x00001790       0x23 C:/ST/STM32CubeCLT_1.16.0/GNU-tools-for-STM32/bin/../lib/gcc/arm-none-eabi/12.3.1/../../../../arm-none-eabi/lib/thumb/v7e-m/nofp\libg.a(libc_a-lock.o)
 .debug_loclists
                0x000017b3       0xd4 C:/ST/STM32CubeCLT_1.16.0/GNU-tools-for-STM32/bin/../lib/gcc/arm-none-eabi/12.3.1/../../../../arm-none-eabi/lib/thumb/v7e-m/nofp\libg.a(libc_a-__call_atexit.o)
 .debug_loclists
                0x00001887       0x2a C:/ST/STM32CubeCLT_1.16.0/GNU-tools-for-STM32/bin/../lib/gcc/arm-none-eabi/12.3.1/../../../../arm-none-eabi/lib/thumb/v7e-m/nofp\libg.a(libc_a-atexit.o)
 .debug_loclists
                0x000018b1       0x3b C:/ST/STM32CubeCLT_1.16.0/GNU-tools-for-STM32/bin/../lib/gcc/arm-none-eabi/12.3.1/../../../../arm-none-eabi/lib/thumb/v7e-m/nofp\libg.a(libc_a-fini.o)
 .debug_loclists
                0x000018ec       0x8e C:/ST/STM32CubeCLT_1.16.0/GNU-tools-for-STM32/bin/../lib/gcc/arm-none-eabi/12.3.1/../../../../arm-none-eabi/lib/thumb/v7e-m/nofp\libg.a(libc_a-__atexit.o)

.debug_aranges  0x00000000      0x718
 .debug_aranges
                0x00000000       0x30 CMakeFiles/test_can2.elf.dir/Core/Src/can.c.obj
 .debug_aranges
                0x00000030       0x20 CMakeFiles/test_can2.elf.dir/Core/Src/gpio.c.obj
 .debug_aranges
                0x00000050       0x38 CMakeFiles/test_can2.elf.dir/Core/Src/main.c.obj
 .debug_aranges
                0x00000088       0x20 CMakeFiles/test_can2.elf.dir/Core/Src/stm32f4xx_hal_msp.c.obj
 .debug_aranges
                0x000000a8       0x80 CMakeFiles/test_can2.elf.dir/Core/Src/stm32f4xx_it.c.obj
 .debug_aranges
                0x00000128       0x28 CMakeFiles/test_can2.elf.dir/Core/Src/system_stm32f4xx.c.obj
 .debug_aranges
                0x00000150       0x28 CMakeFiles/test_can2.elf.dir/Core/Startup/startup_stm32f427iihx.s.obj
 .debug_aranges
                0x00000178      0x100 CMakeFiles/test_can2.elf.dir/Drivers/STM32F4xx_HAL_Driver/Src/stm32f4xx_hal.c.obj
 .debug_aranges
                0x00000278      0x138 CMakeFiles/test_can2.elf.dir/Drivers/STM32F4xx_HAL_Driver/Src/stm32f4xx_hal_can.c.obj
 .debug_aranges
                0x000003b0       0xf8 CMakeFiles/test_can2.elf.dir/Drivers/STM32F4xx_HAL_Driver/Src/stm32f4xx_hal_cortex.c.obj
 .debug_aranges
                0x000004a8       0x58 CMakeFiles/test_can2.elf.dir/Drivers/STM32F4xx_HAL_Driver/Src/stm32f4xx_hal_gpio.c.obj
 .debug_aranges
                0x00000500       0x60 CMakeFiles/test_can2.elf.dir/Drivers/STM32F4xx_HAL_Driver/Src/stm32f4xx_hal_pwr_ex.c.obj
 .debug_aranges
                0x00000560       0x88 CMakeFiles/test_can2.elf.dir/Drivers/STM32F4xx_HAL_Driver/Src/stm32f4xx_hal_rcc.c.obj
 .debug_aranges
                0x000005e8       0x20 C:/ST/STM32CubeCLT_1.16.0/GNU-tools-for-STM32/bin/../lib/gcc/arm-none-eabi/12.3.1/../../../../arm-none-eabi/lib/thumb/v7e-m/nofp\libg.a(libc_a-memset.o)
 .debug_aranges
                0x00000608       0x20 C:/ST/STM32CubeCLT_1.16.0/GNU-tools-for-STM32/bin/../lib/gcc/arm-none-eabi/12.3.1/../../../../arm-none-eabi/lib/thumb/v7e-m/nofp\libg.a(libc_a-init.o)
 .debug_aranges
                0x00000628       0x68 C:/ST/STM32CubeCLT_1.16.0/GNU-tools-for-STM32/bin/../lib/gcc/arm-none-eabi/12.3.1/../../../../arm-none-eabi/lib/thumb/v7e-m/nofp\libg.a(libc_a-lock.o)
 .debug_aranges
                0x00000690       0x28 C:/ST/STM32CubeCLT_1.16.0/GNU-tools-for-STM32/bin/../lib/gcc/arm-none-eabi/12.3.1/../../../../arm-none-eabi/lib/thumb/v7e-m/nofp\libg.a(libc_a-__call_atexit.o)
 .debug_aranges
                0x000006b8       0x20 C:/ST/STM32CubeCLT_1.16.0/GNU-tools-for-STM32/bin/../lib/gcc/arm-none-eabi/12.3.1/../../../../arm-none-eabi/lib/thumb/v7e-m/nofp\libg.a(libc_a-atexit.o)
 .debug_aranges
                0x000006d8       0x20 C:/ST/STM32CubeCLT_1.16.0/GNU-tools-for-STM32/bin/../lib/gcc/arm-none-eabi/12.3.1/../../../../arm-none-eabi/lib/thumb/v7e-m/nofp\libg.a(libc_a-fini.o)
 .debug_aranges
                0x000006f8       0x20 C:/ST/STM32CubeCLT_1.16.0/GNU-tools-for-STM32/bin/../lib/gcc/arm-none-eabi/12.3.1/../../../../arm-none-eabi/lib/thumb/v7e-m/nofp\libg.a(libc_a-__atexit.o)

.debug_rnglists
                0x00000000      0x52b
 .debug_rnglists
                0x00000000       0x20 CMakeFiles/test_can2.elf.dir/Core/Src/can.c.obj
 .debug_rnglists
                0x00000020       0x13 CMakeFiles/test_can2.elf.dir/Core/Src/gpio.c.obj
 .debug_rnglists
                0x00000033       0x26 CMakeFiles/test_can2.elf.dir/Core/Src/main.c.obj
 .debug_rnglists
                0x00000059       0x13 CMakeFiles/test_can2.elf.dir/Core/Src/stm32f4xx_hal_msp.c.obj
 .debug_rnglists
                0x0000006c       0x5b CMakeFiles/test_can2.elf.dir/Core/Src/stm32f4xx_it.c.obj
 .debug_rnglists
                0x000000c7       0x1a CMakeFiles/test_can2.elf.dir/Core/Src/system_stm32f4xx.c.obj
 .debug_rnglists
                0x000000e1       0x19 CMakeFiles/test_can2.elf.dir/Core/Startup/startup_stm32f427iihx.s.obj
 .debug_rnglists
                0x000000fa       0xbb CMakeFiles/test_can2.elf.dir/Drivers/STM32F4xx_HAL_Driver/Src/stm32f4xx_hal.c.obj
 .debug_rnglists
                0x000001b5       0xf6 CMakeFiles/test_can2.elf.dir/Drivers/STM32F4xx_HAL_Driver/Src/stm32f4xx_hal_can.c.obj
 .debug_rnglists
                0x000002ab       0xb5 CMakeFiles/test_can2.elf.dir/Drivers/STM32F4xx_HAL_Driver/Src/stm32f4xx_hal_cortex.c.obj
 .debug_rnglists
                0x00000360       0x3f CMakeFiles/test_can2.elf.dir/Drivers/STM32F4xx_HAL_Driver/Src/stm32f4xx_hal_gpio.c.obj
 .debug_rnglists
                0x0000039f       0x44 CMakeFiles/test_can2.elf.dir/Drivers/STM32F4xx_HAL_Driver/Src/stm32f4xx_hal_pwr_ex.c.obj
 .debug_rnglists
                0x000003e3       0x75 CMakeFiles/test_can2.elf.dir/Drivers/STM32F4xx_HAL_Driver/Src/stm32f4xx_hal_rcc.c.obj
 .debug_rnglists
                0x00000458       0x13 C:/ST/STM32CubeCLT_1.16.0/GNU-tools-for-STM32/bin/../lib/gcc/arm-none-eabi/12.3.1/../../../../arm-none-eabi/lib/thumb/v7e-m/nofp\libg.a(libc_a-memset.o)
 .debug_rnglists
                0x0000046b       0x13 C:/ST/STM32CubeCLT_1.16.0/GNU-tools-for-STM32/bin/../lib/gcc/arm-none-eabi/12.3.1/../../../../arm-none-eabi/lib/thumb/v7e-m/nofp\libg.a(libc_a-init.o)
 .debug_rnglists
                0x0000047e       0x49 C:/ST/STM32CubeCLT_1.16.0/GNU-tools-for-STM32/bin/../lib/gcc/arm-none-eabi/12.3.1/../../../../arm-none-eabi/lib/thumb/v7e-m/nofp\libg.a(libc_a-lock.o)
 .debug_rnglists
                0x000004c7       0x2a C:/ST/STM32CubeCLT_1.16.0/GNU-tools-for-STM32/bin/../lib/gcc/arm-none-eabi/12.3.1/../../../../arm-none-eabi/lib/thumb/v7e-m/nofp\libg.a(libc_a-__call_atexit.o)
 .debug_rnglists
                0x000004f1       0x13 C:/ST/STM32CubeCLT_1.16.0/GNU-tools-for-STM32/bin/../lib/gcc/arm-none-eabi/12.3.1/../../../../arm-none-eabi/lib/thumb/v7e-m/nofp\libg.a(libc_a-atexit.o)
 .debug_rnglists
                0x00000504       0x13 C:/ST/STM32CubeCLT_1.16.0/GNU-tools-for-STM32/bin/../lib/gcc/arm-none-eabi/12.3.1/../../../../arm-none-eabi/lib/thumb/v7e-m/nofp\libg.a(libc_a-fini.o)
 .debug_rnglists
                0x00000517       0x14 C:/ST/STM32CubeCLT_1.16.0/GNU-tools-for-STM32/bin/../lib/gcc/arm-none-eabi/12.3.1/../../../../arm-none-eabi/lib/thumb/v7e-m/nofp\libg.a(libc_a-__atexit.o)

.debug_line     0x00000000     0x572e
 .debug_line    0x00000000      0x3b0 CMakeFiles/test_can2.elf.dir/Core/Src/can.c.obj
 .debug_line    0x000003b0      0x1d5 CMakeFiles/test_can2.elf.dir/Core/Src/gpio.c.obj
 .debug_line    0x00000585      0x439 CMakeFiles/test_can2.elf.dir/Core/Src/main.c.obj
 .debug_line    0x000009be      0x1dd CMakeFiles/test_can2.elf.dir/Core/Src/stm32f4xx_hal_msp.c.obj
 .debug_line    0x00000b9b      0x395 CMakeFiles/test_can2.elf.dir/Core/Src/stm32f4xx_it.c.obj
 .debug_line    0x00000f30      0x2a5 CMakeFiles/test_can2.elf.dir/Core/Src/system_stm32f4xx.c.obj
 .debug_line    0x000011d5       0x7a CMakeFiles/test_can2.elf.dir/Core/Startup/startup_stm32f427iihx.s.obj
 .debug_line    0x0000124f      0x651 CMakeFiles/test_can2.elf.dir/Drivers/STM32F4xx_HAL_Driver/Src/stm32f4xx_hal.c.obj
 .debug_line    0x000018a0     0x11dd CMakeFiles/test_can2.elf.dir/Drivers/STM32F4xx_HAL_Driver/Src/stm32f4xx_hal_can.c.obj
 .debug_line    0x00002a7d      0x906 CMakeFiles/test_can2.elf.dir/Drivers/STM32F4xx_HAL_Driver/Src/stm32f4xx_hal_cortex.c.obj
 .debug_line    0x00003383      0x76f CMakeFiles/test_can2.elf.dir/Drivers/STM32F4xx_HAL_Driver/Src/stm32f4xx_hal_gpio.c.obj
 .debug_line    0x00003af2      0x552 CMakeFiles/test_can2.elf.dir/Drivers/STM32F4xx_HAL_Driver/Src/stm32f4xx_hal_pwr_ex.c.obj
 .debug_line    0x00004044      0xbd8 CMakeFiles/test_can2.elf.dir/Drivers/STM32F4xx_HAL_Driver/Src/stm32f4xx_hal_rcc.c.obj
 .debug_line    0x00004c1c      0x17e C:/ST/STM32CubeCLT_1.16.0/GNU-tools-for-STM32/bin/../lib/gcc/arm-none-eabi/12.3.1/../../../../arm-none-eabi/lib/thumb/v7e-m/nofp\libg.a(libc_a-memset.o)
 .debug_line    0x00004d9a      0x188 C:/ST/STM32CubeCLT_1.16.0/GNU-tools-for-STM32/bin/../lib/gcc/arm-none-eabi/12.3.1/../../../../arm-none-eabi/lib/thumb/v7e-m/nofp\libg.a(libc_a-init.o)
 .debug_line    0x00004f22      0x19b C:/ST/STM32CubeCLT_1.16.0/GNU-tools-for-STM32/bin/../lib/gcc/arm-none-eabi/12.3.1/../../../../arm-none-eabi/lib/thumb/v7e-m/nofp\libg.a(libc_a-lock.o)
 .debug_line    0x000050bd      0x28a C:/ST/STM32CubeCLT_1.16.0/GNU-tools-for-STM32/bin/../lib/gcc/arm-none-eabi/12.3.1/../../../../arm-none-eabi/lib/thumb/v7e-m/nofp\libg.a(libc_a-__call_atexit.o)
 .debug_line    0x00005347      0x102 C:/ST/STM32CubeCLT_1.16.0/GNU-tools-for-STM32/bin/../lib/gcc/arm-none-eabi/12.3.1/../../../../arm-none-eabi/lib/thumb/v7e-m/nofp\libg.a(libc_a-atexit.o)
 .debug_line    0x00005449      0x140 C:/ST/STM32CubeCLT_1.16.0/GNU-tools-for-STM32/bin/../lib/gcc/arm-none-eabi/12.3.1/../../../../arm-none-eabi/lib/thumb/v7e-m/nofp\libg.a(libc_a-fini.o)
 .debug_line    0x00005589      0x1a5 C:/ST/STM32CubeCLT_1.16.0/GNU-tools-for-STM32/bin/../lib/gcc/arm-none-eabi/12.3.1/../../../../arm-none-eabi/lib/thumb/v7e-m/nofp\libg.a(libc_a-__atexit.o)

.debug_str      0x00000000     0x2915
 .debug_str     0x00000000      0xb63 CMakeFiles/test_can2.elf.dir/Core/Src/can.c.obj
                                0xbcb (size before relaxing)
 .debug_str     0x00000b63       0x33 CMakeFiles/test_can2.elf.dir/Core/Src/gpio.c.obj
                                0x2d0 (size before relaxing)
 .debug_str     0x00000b96      0x25a CMakeFiles/test_can2.elf.dir/Core/Src/main.c.obj
                                0x7ca (size before relaxing)
 .debug_str     0x00000df0       0x3f CMakeFiles/test_can2.elf.dir/Core/Src/stm32f4xx_hal_msp.c.obj
                                0x2dc (size before relaxing)
 .debug_str     0x00000e2f      0x12c CMakeFiles/test_can2.elf.dir/Core/Src/stm32f4xx_it.c.obj
                                0x53f (size before relaxing)
 .debug_str     0x00000f5b       0x9a CMakeFiles/test_can2.elf.dir/Core/Src/system_stm32f4xx.c.obj
                                0x342 (size before relaxing)
 .debug_str     0x00000ff5       0x57 CMakeFiles/test_can2.elf.dir/Core/Startup/startup_stm32f427iihx.s.obj
                                 0x7f (size before relaxing)
 .debug_str     0x0000104c      0x38e CMakeFiles/test_can2.elf.dir/Drivers/STM32F4xx_HAL_Driver/Src/stm32f4xx_hal.c.obj
                                0xc0d (size before relaxing)
 .debug_str     0x000013da      0x4de CMakeFiles/test_can2.elf.dir/Drivers/STM32F4xx_HAL_Driver/Src/stm32f4xx_hal_can.c.obj
                                0xa43 (size before relaxing)
 .debug_str     0x000018b8      0x4e3 CMakeFiles/test_can2.elf.dir/Drivers/STM32F4xx_HAL_Driver/Src/stm32f4xx_hal_cortex.c.obj
                                0xcd0 (size before relaxing)
 .debug_str     0x00001d9b      0x169 CMakeFiles/test_can2.elf.dir/Drivers/STM32F4xx_HAL_Driver/Src/stm32f4xx_hal_gpio.c.obj
                                0x501 (size before relaxing)
 .debug_str     0x00001f04      0x151 CMakeFiles/test_can2.elf.dir/Drivers/STM32F4xx_HAL_Driver/Src/stm32f4xx_hal_pwr_ex.c.obj
                                0x4ec (size before relaxing)
 .debug_str     0x00002055      0x1b7 CMakeFiles/test_can2.elf.dir/Drivers/STM32F4xx_HAL_Driver/Src/stm32f4xx_hal_rcc.c.obj
                                0x727 (size before relaxing)
 .debug_str     0x0000220c      0x16a C:/ST/STM32CubeCLT_1.16.0/GNU-tools-for-STM32/bin/../lib/gcc/arm-none-eabi/12.3.1/../../../../arm-none-eabi/lib/thumb/v7e-m/nofp\libg.a(libc_a-memset.o)
                                0x206 (size before relaxing)
 .debug_str     0x00002376       0xb6 C:/ST/STM32CubeCLT_1.16.0/GNU-tools-for-STM32/bin/../lib/gcc/arm-none-eabi/12.3.1/../../../../arm-none-eabi/lib/thumb/v7e-m/nofp\libg.a(libc_a-init.o)
                                0x267 (size before relaxing)
 .debug_str     0x0000242c      0x266 C:/ST/STM32CubeCLT_1.16.0/GNU-tools-for-STM32/bin/../lib/gcc/arm-none-eabi/12.3.1/../../../../arm-none-eabi/lib/thumb/v7e-m/nofp\libg.a(libc_a-lock.o)
                                0x379 (size before relaxing)
 .debug_str     0x00002692      0x100 C:/ST/STM32CubeCLT_1.16.0/GNU-tools-for-STM32/bin/../lib/gcc/arm-none-eabi/12.3.1/../../../../arm-none-eabi/lib/thumb/v7e-m/nofp\libg.a(libc_a-__call_atexit.o)
                                0x343 (size before relaxing)
 .debug_str     0x00002792       0x9e C:/ST/STM32CubeCLT_1.16.0/GNU-tools-for-STM32/bin/../lib/gcc/arm-none-eabi/12.3.1/../../../../arm-none-eabi/lib/thumb/v7e-m/nofp\libg.a(libc_a-atexit.o)
                                0x243 (size before relaxing)
 .debug_str     0x00002830       0x7a C:/ST/STM32CubeCLT_1.16.0/GNU-tools-for-STM32/bin/../lib/gcc/arm-none-eabi/12.3.1/../../../../arm-none-eabi/lib/thumb/v7e-m/nofp\libg.a(libc_a-fini.o)
                                0x23d (size before relaxing)
 .debug_str     0x000028aa       0x6b C:/ST/STM32CubeCLT_1.16.0/GNU-tools-for-STM32/bin/../lib/gcc/arm-none-eabi/12.3.1/../../../../arm-none-eabi/lib/thumb/v7e-m/nofp\libg.a(libc_a-__atexit.o)
                                0x31a (size before relaxing)

.comment        0x00000000       0x43
 .comment       0x00000000       0x43 CMakeFiles/test_can2.elf.dir/Core/Src/can.c.obj
                                 0x44 (size before relaxing)
 .comment       0x00000043       0x44 CMakeFiles/test_can2.elf.dir/Core/Src/gpio.c.obj
 .comment       0x00000043       0x44 CMakeFiles/test_can2.elf.dir/Core/Src/main.c.obj
 .comment       0x00000043       0x44 CMakeFiles/test_can2.elf.dir/Core/Src/stm32f4xx_hal_msp.c.obj
 .comment       0x00000043       0x44 CMakeFiles/test_can2.elf.dir/Core/Src/stm32f4xx_it.c.obj
 .comment       0x00000043       0x44 CMakeFiles/test_can2.elf.dir/Core/Src/system_stm32f4xx.c.obj
 .comment       0x00000043       0x44 CMakeFiles/test_can2.elf.dir/Drivers/STM32F4xx_HAL_Driver/Src/stm32f4xx_hal.c.obj
 .comment       0x00000043       0x44 CMakeFiles/test_can2.elf.dir/Drivers/STM32F4xx_HAL_Driver/Src/stm32f4xx_hal_can.c.obj
 .comment       0x00000043       0x44 CMakeFiles/test_can2.elf.dir/Drivers/STM32F4xx_HAL_Driver/Src/stm32f4xx_hal_cortex.c.obj
 .comment       0x00000043       0x44 CMakeFiles/test_can2.elf.dir/Drivers/STM32F4xx_HAL_Driver/Src/stm32f4xx_hal_gpio.c.obj
 .comment       0x00000043       0x44 CMakeFiles/test_can2.elf.dir/Drivers/STM32F4xx_HAL_Driver/Src/stm32f4xx_hal_pwr_ex.c.obj
 .comment       0x00000043       0x44 CMakeFiles/test_can2.elf.dir/Drivers/STM32F4xx_HAL_Driver/Src/stm32f4xx_hal_rcc.c.obj
 .comment       0x00000043       0x44 C:/ST/STM32CubeCLT_1.16.0/GNU-tools-for-STM32/bin/../lib/gcc/arm-none-eabi/12.3.1/../../../../arm-none-eabi/lib/thumb/v7e-m/nofp\libg.a(libc_a-memset.o)
 .comment       0x00000043       0x44 C:/ST/STM32CubeCLT_1.16.0/GNU-tools-for-STM32/bin/../lib/gcc/arm-none-eabi/12.3.1/../../../../arm-none-eabi/lib/thumb/v7e-m/nofp\libg.a(libc_a-init.o)
 .comment       0x00000043       0x44 C:/ST/STM32CubeCLT_1.16.0/GNU-tools-for-STM32/bin/../lib/gcc/arm-none-eabi/12.3.1/../../../../arm-none-eabi/lib/thumb/v7e-m/nofp\libg.a(libc_a-lock.o)
 .comment       0x00000043       0x44 C:/ST/STM32CubeCLT_1.16.0/GNU-tools-for-STM32/bin/../lib/gcc/arm-none-eabi/12.3.1/../../../../arm-none-eabi/lib/thumb/v7e-m/nofp\libg.a(libc_a-__call_atexit.o)
 .comment       0x00000043       0x44 C:/ST/STM32CubeCLT_1.16.0/GNU-tools-for-STM32/bin/../lib/gcc/arm-none-eabi/12.3.1/../../../../arm-none-eabi/lib/thumb/v7e-m/nofp\libg.a(libc_a-atexit.o)
 .comment       0x00000043       0x44 C:/ST/STM32CubeCLT_1.16.0/GNU-tools-for-STM32/bin/../lib/gcc/arm-none-eabi/12.3.1/../../../../arm-none-eabi/lib/thumb/v7e-m/nofp\libg.a(libc_a-fini.o)
 .comment       0x00000043       0x44 C:/ST/STM32CubeCLT_1.16.0/GNU-tools-for-STM32/bin/../lib/gcc/arm-none-eabi/12.3.1/../../../../arm-none-eabi/lib/thumb/v7e-m/nofp\libg.a(libc_a-__atexit.o)

.debug_frame    0x00000000      0xeb8
 .debug_frame   0x00000000       0x60 CMakeFiles/test_can2.elf.dir/Core/Src/can.c.obj
 .debug_frame   0x00000060       0x28 CMakeFiles/test_can2.elf.dir/Core/Src/gpio.c.obj
 .debug_frame   0x00000088       0x70 CMakeFiles/test_can2.elf.dir/Core/Src/main.c.obj
 .debug_frame   0x000000f8       0x28 CMakeFiles/test_can2.elf.dir/Core/Src/stm32f4xx_hal_msp.c.obj
 .debug_frame   0x00000120      0x108 CMakeFiles/test_can2.elf.dir/Core/Src/stm32f4xx_it.c.obj
 .debug_frame   0x00000228       0x30 CMakeFiles/test_can2.elf.dir/Core/Src/system_stm32f4xx.c.obj
 .debug_frame   0x00000258      0x20c CMakeFiles/test_can2.elf.dir/Drivers/STM32F4xx_HAL_Driver/Src/stm32f4xx_hal.c.obj
 .debug_frame   0x00000464      0x2d4 CMakeFiles/test_can2.elf.dir/Drivers/STM32F4xx_HAL_Driver/Src/stm32f4xx_hal_can.c.obj
 .debug_frame   0x00000738      0x214 CMakeFiles/test_can2.elf.dir/Drivers/STM32F4xx_HAL_Driver/Src/stm32f4xx_hal_cortex.c.obj
 .debug_frame   0x0000094c       0xd4 CMakeFiles/test_can2.elf.dir/Drivers/STM32F4xx_HAL_Driver/Src/stm32f4xx_hal_gpio.c.obj
 .debug_frame   0x00000a20       0xec CMakeFiles/test_can2.elf.dir/Drivers/STM32F4xx_HAL_Driver/Src/stm32f4xx_hal_pwr_ex.c.obj
 .debug_frame   0x00000b0c      0x16c CMakeFiles/test_can2.elf.dir/Drivers/STM32F4xx_HAL_Driver/Src/stm32f4xx_hal_rcc.c.obj
 .debug_frame   0x00000c78       0x2c C:/ST/STM32CubeCLT_1.16.0/GNU-tools-for-STM32/bin/../lib/gcc/arm-none-eabi/12.3.1/thumb/v7e-m/nofp\libgcc.a(_aeabi_uldivmod.o)
 .debug_frame   0x00000ca4       0x34 C:/ST/STM32CubeCLT_1.16.0/GNU-tools-for-STM32/bin/../lib/gcc/arm-none-eabi/12.3.1/thumb/v7e-m/nofp\libgcc.a(_udivmoddi4.o)
 .debug_frame   0x00000cd8       0x20 C:/ST/STM32CubeCLT_1.16.0/GNU-tools-for-STM32/bin/../lib/gcc/arm-none-eabi/12.3.1/../../../../arm-none-eabi/lib/thumb/v7e-m/nofp\libg.a(libc_a-memset.o)
 .debug_frame   0x00000cf8       0x2c C:/ST/STM32CubeCLT_1.16.0/GNU-tools-for-STM32/bin/../lib/gcc/arm-none-eabi/12.3.1/../../../../arm-none-eabi/lib/thumb/v7e-m/nofp\libg.a(libc_a-init.o)
 .debug_frame   0x00000d24       0xb0 C:/ST/STM32CubeCLT_1.16.0/GNU-tools-for-STM32/bin/../lib/gcc/arm-none-eabi/12.3.1/../../../../arm-none-eabi/lib/thumb/v7e-m/nofp\libg.a(libc_a-lock.o)
 .debug_frame   0x00000dd4       0x58 C:/ST/STM32CubeCLT_1.16.0/GNU-tools-for-STM32/bin/../lib/gcc/arm-none-eabi/12.3.1/../../../../arm-none-eabi/lib/thumb/v7e-m/nofp\libg.a(libc_a-__call_atexit.o)
 .debug_frame   0x00000e2c       0x20 C:/ST/STM32CubeCLT_1.16.0/GNU-tools-for-STM32/bin/../lib/gcc/arm-none-eabi/12.3.1/../../../../arm-none-eabi/lib/thumb/v7e-m/nofp\libg.a(libc_a-atexit.o)
 .debug_frame   0x00000e4c       0x38 C:/ST/STM32CubeCLT_1.16.0/GNU-tools-for-STM32/bin/../lib/gcc/arm-none-eabi/12.3.1/../../../../arm-none-eabi/lib/thumb/v7e-m/nofp\libg.a(libc_a-fini.o)
 .debug_frame   0x00000e84       0x34 C:/ST/STM32CubeCLT_1.16.0/GNU-tools-for-STM32/bin/../lib/gcc/arm-none-eabi/12.3.1/../../../../arm-none-eabi/lib/thumb/v7e-m/nofp\libg.a(libc_a-__atexit.o)

.debug_line_str
                0x00000000       0x63
 .debug_line_str
                0x00000000       0x63 CMakeFiles/test_can2.elf.dir/Core/Startup/startup_stm32f427iihx.s.obj
